// Jest Snapshot v1, https://goo.gl/fbAQLP

exports[`test in <LoginScreen/> should match snapshot 1`] = `
<div>
  <h2
    className="auth__title"
  >
    Login
  </h2>
  <form
    className="animate__animated animate__fadeIn animate__fast"
    onSubmit={[Function]}
  >
    <input
      autoComplete="off"
      className="auth__input"
      name="email"
      onChange={[Function]}
      placeholder="john@doe.com"
      type="email"
      value=""
    />
    <input
      autoComplete="off"
      className="auth__input"
      name="password"
      onChange={[Function]}
      placeholder="********"
      type="password"
      value=""
    />
    <button
      className="btn btn-primary btn-block"
      disabled={false}
      type="submit"
    >
      Login
    </button>
    <hr />
    <div
      className="auth__social-networks"
    >
      <p>
        Login with social networks:
      </p>
      <div
        className="google-btn"
        onClick={[Function]}
      >
        <div
          className="google-icon-wrapper"
        >
          <img
            alt="google button"
            className="google-icon"
            src="https://upload.wikimedia.org/wikipedia/commons/5/53/Google_%22G%22_Logo.svg"
          />
        </div>
        <p
          className="btn-text"
        >
          <b>
            Sign in with Google
          </b>
        </p>
      </div>
    </div>
    <a
      className="link"
      href="/auth/register"
      onClick={[Function]}
    >
      Create new account
    </a>
  </form>
</div>
`;
