// Jest Snapshot v1, https://goo.gl/fbAQLP

exports[`test in <RegisterScreen/> should match snapshot 1`] = `
<div>
  <h2
    className="auth__title"
  >
    Register
  </h2>
  <form
    className="animate__animated animate__fadeIn animate__fast"
    onSubmit={[Function]}
  >
    <input
      autoComplete="off"
      className="auth__input"
      name="name"
      onChange={[Function]}
      placeholder="John"
      type="text"
      value="riskezwn"
    />
    <input
      autoComplete="off"
      className="auth__input"
      name="email"
      onChange={[Function]}
      placeholder="john@doe.com"
      type="email"
      value="riskezwn@gmail.com"
    />
    <input
      autoComplete="off"
      className="auth__input"
      name="password"
      onChange={[Function]}
      placeholder="********"
      type="password"
      value="123456"
    />
    <input
      autoComplete="off"
      className="auth__input"
      name="password2"
      onChange={[Function]}
      placeholder="Confirm your password"
      type="password"
      value="123456"
    />
    <button
      className="btn btn-primary btn-block mb-5"
      disabled={false}
      type="submit"
    >
      Register
    </button>
    <a
      className="link"
      href="/auth/login"
      onClick={[Function]}
    >
      Already registered?
    </a>
  </form>
</div>
`;
